/opt/homebrew/Cellar/python@3.14/3.14.3_1/Frameworks/Python.framework/Versions/3.14/Resources/Python.app/Contents/MacOS/Python: can't open file '/Users/jeremyflorence/dev/hexquest/manage.py': [Errno 2] No such file or directory
